stdlib_system.nim.c:183:8:pushSafePoint	16	static
stdlib_system.nim.c:187:15:allocImpl_system_1732	24	static
stdlib_system.nim.c:193:15:newObjNoInit_system_3715	24	static
stdlib_system.nim.c:199:15:rawNewStringNoInit	32	static
stdlib_system.nim.c:217:8:nimCopyMem	32	static
stdlib_system.nim.c:222:8:copyMem_system_1716	24	static
stdlib_system.nim.c:225:15:toNimStr	24	static
stdlib_system.nim.c:233:8:nimCStrLen	24	static
stdlib_system.nim.c:242:15:cstrToNimstr	24	static
stdlib_system.nim.c:257:8:popSafePoint	4	static
stdlib_system.nim.c:260:8:popCurrentException	4	static
stdlib_system.nim.c:263:15:alloc0Impl_system_1734	24	static
stdlib_system.nim.c:269:15:newObj	24	static
stdlib_system.nim.c:275:15:copyString	24	static
stdlib_system.nim.c:296:8:nimSetMem_systemZmemory_7	32	static
stdlib_system.nim.c:301:8:nimZeroMem	16	static
stdlib_system.nim.c:304:8:nimSubInt	32	static
stdlib_system.nim.c:327:8:sysFatal_system_3341	32	static
stdlib_system.nim.c:336:15:raiseOverflow	8	static
stdlib_system.nim.c:339:8:nimAddInt	32	static
stdlib_system.nim.c:362:15:align_system_1624	32	static
stdlib_system.nim.c:383:15:newSeq	24	static
stdlib_system.nim.c:394:8:resize_system_3809	24	static
stdlib_system.nim.c:415:8:pluspercent__system_696	24	static
stdlib_system.nim.c:421:15:dataPointer_system_3799	32	static
stdlib_system.nim.c:433:15:incrSeqV3	40	static
stdlib_system.nim.c:471:8:pushCurrentException	16	static
stdlib_system.nim.c:475:15:reportUnhandledError_system_2844	16	static
stdlib_system.nim.c:482:15:raiseExceptionAux_system_2855	24	static
stdlib_system.nim.c:521:15:raiseExceptionEx	56	static
stdlib_system.nim.c:548:8:sysFatal_system_2887	32	static
stdlib_system.nim.c:557:15:reraiseException	8	static
stdlib_system.nim.c:569:8:rawWriteString	32	static
stdlib_system.nim.c:579:15:writeToStdErr_system_2520	16	static
stdlib_system.nim.c:582:15:showErrorMessage_system_2525	128	static
stdlib_system.nim.c:614:15:signalHandler	24	static
stdlib_system.nim.c:662:15:registerSignalHandler_system_2972	32	static
stdlib_system.nim.c:679:15:systemInit000	8	static
stdlib_system.nim.c:685:15:systemDatInit000	4	static
